============================= test session starts =============================
platform win32 -- Python 3.7.0, pytest-3.8.0, py-1.6.0, pluggy-0.7.1
rootdir: C:\Users\gabri\documents\GitHub\teste.cepespdata, inifile:
plugins: remotedata-0.3.0, openfiles-0.3.0, doctestplus-0.1.3, arraydiff-0.2
collected 16 items

test.py F..FFF.F.F.FF...                                                 [100%]

================================== FAILURES ===================================
__________________________ test_cepespdata[2006-1-6] __________________________

ano = 2006, cargo = 1, agregacao_regional = 6

    @pytest.mark.parametrize('ano, cargo, agregacao_regional',
                             [(a,b,c) for a in range(2006,2022,4) for b in [1,3,5,6] for c in [6]])
    
    def test_cepespdata(ano, cargo, agregacao_regional):
        inst = teste_cepespdata(ano, cargo, agregacao_regional = agregacao_regional, test = False)
        inst.call_teste_geral()
    
        #o assert Ú usado para fazer o teste de fato. Se der false, ele jß coloca no log
        #o log para sempre no primeiro erro
    
        #######################################################
        # 1. N·mero de Eleitos
        assert inst.qtde_eleitos == inst.qtde_vagas_disponiveis
    
        #######################################################
        # 2. Quantidade de UF
        # Fonte: Detalhe seþÒo do TSE
    
        if agregacao_regional >= 2:
>           assert inst.qtde_ufs == inst.qtde_ufs_esperada
E           assert 27 == 28
E            +  where 27 = <teste_cepespdata.teste_cepespdata object at 0x000001A50962CAC8>.qtde_ufs
E            +  and   28 = <teste_cepespdata.teste_cepespdata object at 0x000001A50962CAC8>.qtde_ufs_esperada

test.py:25: AssertionError
---------------------------- Captured stdout call -----------------------------
Ano: 2006
Cargo: 1 
Banco Teste: False

Starting test...
Downloading Eleiþ§es - BETA...
Downloading Candidatos...
__________________________ test_cepespdata[2006-6-6] __________________________

ano = 2006, cargo = 6, agregacao_regional = 6

    @pytest.mark.parametrize('ano, cargo, agregacao_regional',
                             [(a,b,c) for a in range(2006,2022,4) for b in [1,3,5,6] for c in [6]])
    
    def test_cepespdata(ano, cargo, agregacao_regional):
        inst = teste_cepespdata(ano, cargo, agregacao_regional = agregacao_regional, test = False)
>       inst.call_teste_geral()

test.py:11: 
_ _ _ _ _ _ _ _ _ _ _ _ _ _ _ _ _ _ _ _ _ _ _ _ _ _ _ _ _ _ _ _ _ _ _ _ _ _ _ _
teste_cepespdata.py:224: in call_teste_geral
    self.download_eleicoes()
teste_cepespdata.py:68: in download_eleicoes
    'cpf_candidato': str})
C:\ProgramData\Anaconda3\lib\site-packages\pandas\io\parsers.py:678: in parser_f
    return _read(filepath_or_buffer, kwds)
C:\ProgramData\Anaconda3\lib\site-packages\pandas\io\parsers.py:424: in _read
    filepath_or_buffer, encoding, compression)
C:\ProgramData\Anaconda3\lib\site-packages\pandas\io\common.py:195: in get_filepath_or_buffer
    req = _urlopen(filepath_or_buffer)
C:\ProgramData\Anaconda3\lib\urllib\request.py:222: in urlopen
    return opener.open(url, data, timeout)
C:\ProgramData\Anaconda3\lib\urllib\request.py:531: in open
    response = meth(req, response)
C:\ProgramData\Anaconda3\lib\urllib\request.py:641: in http_response
    'http', request, response, code, msg, hdrs)
C:\ProgramData\Anaconda3\lib\urllib\request.py:569: in error
    return self._call_chain(*args)
C:\ProgramData\Anaconda3\lib\urllib\request.py:503: in _call_chain
    result = func(*args)
_ _ _ _ _ _ _ _ _ _ _ _ _ _ _ _ _ _ _ _ _ _ _ _ _ _ _ _ _ _ _ _ _ _ _ _ _ _ _ _

self = <urllib.request.HTTPDefaultErrorHandler object at 0x000001A50962C5F8>
req = <urllib.request.Request object at 0x000001A50DA817F0>
fp = <http.client.HTTPResponse object at 0x000001A50DA81668>, code = 504
msg = 'GATEWAY_TIMEOUT'
hdrs = <http.client.HTTPMessage object at 0x000001A50DA81438>

    def http_error_default(self, req, fp, code, msg, hdrs):
>       raise HTTPError(req.full_url, code, msg, hdrs, fp)
E       urllib.error.HTTPError: HTTP Error 504: GATEWAY_TIMEOUT

C:\ProgramData\Anaconda3\lib\urllib\request.py:649: HTTPError
---------------------------- Captured stdout call -----------------------------
Ano: 2006
Cargo: 6 
Banco Teste: False

Starting test...
Downloading Eleiþ§es - BETA...
__________________________ test_cepespdata[2010-1-6] __________________________

ano = 2010, cargo = 1, agregacao_regional = 6

    @pytest.mark.parametrize('ano, cargo, agregacao_regional',
                             [(a,b,c) for a in range(2006,2022,4) for b in [1,3,5,6] for c in [6]])
    
    def test_cepespdata(ano, cargo, agregacao_regional):
        inst = teste_cepespdata(ano, cargo, agregacao_regional = agregacao_regional, test = False)
        inst.call_teste_geral()
    
        #o assert Ú usado para fazer o teste de fato. Se der false, ele jß coloca no log
        #o log para sempre no primeiro erro
    
        #######################################################
        # 1. N·mero de Eleitos
        assert inst.qtde_eleitos == inst.qtde_vagas_disponiveis
    
        #######################################################
        # 2. Quantidade de UF
        # Fonte: Detalhe seþÒo do TSE
    
        if agregacao_regional >= 2:
            assert inst.qtde_ufs == inst.qtde_ufs_esperada
    
        #######################################################
        # 3. Quantidade total de votos frente ao comparecimento com 1% de tolerÔncia
        # Fonte: Detalhe seþÒo do TSE
        assert math.isclose(inst.qtde_votos_total_1turno, inst.qtde_comparecimento_1turno, rel_tol=0.01)
        assert math.isclose(inst.qtde_votos_total_2turno, inst.qtde_comparecimento_2turno, rel_tol=0.01)
    
        #######################################################
        # 4. Quantidade de municÝpios
        # Fonte: Detalhe seþÒo do TSE
        if agregacao_regional >= 6:
>           assert inst.qtde_cidades_tse  == inst.qtde_cidades_esperadas
E           assert 5688 == 5720
E            +  where 5688 = <teste_cepespdata.teste_cepespdata object at 0x000001A50DA83BE0>.qtde_cidades_tse
E            +  and   5720 = <teste_cepespdata.teste_cepespdata object at 0x000001A50DA83BE0>.qtde_cidades_esperadas

test.py:37: AssertionError
---------------------------- Captured stdout call -----------------------------
Ano: 2010
Cargo: 1 
Banco Teste: False

Starting test...
Downloading Eleiþ§es - BETA...
Downloading Candidatos...
__________________________ test_cepespdata[2010-3-6] __________________________

ano = 2010, cargo = 3, agregacao_regional = 6

    @pytest.mark.parametrize('ano, cargo, agregacao_regional',
                             [(a,b,c) for a in range(2006,2022,4) for b in [1,3,5,6] for c in [6]])
    
    def test_cepespdata(ano, cargo, agregacao_regional):
        inst = teste_cepespdata(ano, cargo, agregacao_regional = agregacao_regional, test = False)
        inst.call_teste_geral()
    
        #o assert Ú usado para fazer o teste de fato. Se der false, ele jß coloca no log
        #o log para sempre no primeiro erro
    
        #######################################################
        # 1. N·mero de Eleitos
        assert inst.qtde_eleitos == inst.qtde_vagas_disponiveis
    
        #######################################################
        # 2. Quantidade de UF
        # Fonte: Detalhe seþÒo do TSE
    
        if agregacao_regional >= 2:
            assert inst.qtde_ufs == inst.qtde_ufs_esperada
    
        #######################################################
        # 3. Quantidade total de votos frente ao comparecimento com 1% de tolerÔncia
        # Fonte: Detalhe seþÒo do TSE
>       assert math.isclose(inst.qtde_votos_total_1turno, inst.qtde_comparecimento_1turno, rel_tol=0.01)
E       assert False
E        +  where False = <built-in function isclose>(143527669, 111037520, rel_tol=0.01)
E        +    where <built-in function isclose> = math.isclose
E        +    and   143527669 = <teste_cepespdata.teste_cepespdata object at 0x000001A509600BE0>.qtde_votos_total_1turno
E        +    and   111037520 = <teste_cepespdata.teste_cepespdata object at 0x000001A509600BE0>.qtde_comparecimento_1turno

test.py:30: AssertionError
---------------------------- Captured stdout call -----------------------------
Ano: 2010
Cargo: 3 
Banco Teste: False

Starting test...
Downloading Eleiþ§es - BETA...
Downloading Candidatos...
__________________________ test_cepespdata[2010-6-6] __________________________

ano = 2010, cargo = 6, agregacao_regional = 6

    @pytest.mark.parametrize('ano, cargo, agregacao_regional',
                             [(a,b,c) for a in range(2006,2022,4) for b in [1,3,5,6] for c in [6]])
    
    def test_cepespdata(ano, cargo, agregacao_regional):
        inst = teste_cepespdata(ano, cargo, agregacao_regional = agregacao_regional, test = False)
>       inst.call_teste_geral()

test.py:11: 
_ _ _ _ _ _ _ _ _ _ _ _ _ _ _ _ _ _ _ _ _ _ _ _ _ _ _ _ _ _ _ _ _ _ _ _ _ _ _ _
teste_cepespdata.py:224: in call_teste_geral
    self.download_eleicoes()
teste_cepespdata.py:68: in download_eleicoes
    'cpf_candidato': str})
C:\ProgramData\Anaconda3\lib\site-packages\pandas\io\parsers.py:678: in parser_f
    return _read(filepath_or_buffer, kwds)
C:\ProgramData\Anaconda3\lib\site-packages\pandas\io\parsers.py:424: in _read
    filepath_or_buffer, encoding, compression)
C:\ProgramData\Anaconda3\lib\site-packages\pandas\io\common.py:195: in get_filepath_or_buffer
    req = _urlopen(filepath_or_buffer)
C:\ProgramData\Anaconda3\lib\urllib\request.py:222: in urlopen
    return opener.open(url, data, timeout)
C:\ProgramData\Anaconda3\lib\urllib\request.py:531: in open
    response = meth(req, response)
C:\ProgramData\Anaconda3\lib\urllib\request.py:641: in http_response
    'http', request, response, code, msg, hdrs)
C:\ProgramData\Anaconda3\lib\urllib\request.py:569: in error
    return self._call_chain(*args)
C:\ProgramData\Anaconda3\lib\urllib\request.py:503: in _call_chain
    result = func(*args)
_ _ _ _ _ _ _ _ _ _ _ _ _ _ _ _ _ _ _ _ _ _ _ _ _ _ _ _ _ _ _ _ _ _ _ _ _ _ _ _

self = <urllib.request.HTTPDefaultErrorHandler object at 0x000001A50962C5F8>
req = <urllib.request.Request object at 0x000001A50C6EB898>
fp = <http.client.HTTPResponse object at 0x000001A50C6EB0B8>, code = 504
msg = 'GATEWAY_TIMEOUT'
hdrs = <http.client.HTTPMessage object at 0x000001A50C6EB710>

    def http_error_default(self, req, fp, code, msg, hdrs):
>       raise HTTPError(req.full_url, code, msg, hdrs, fp)
E       urllib.error.HTTPError: HTTP Error 504: GATEWAY_TIMEOUT

C:\ProgramData\Anaconda3\lib\urllib\request.py:649: HTTPError
---------------------------- Captured stdout call -----------------------------
Ano: 2010
Cargo: 6 
Banco Teste: False

Starting test...
Downloading Eleiþ§es - BETA...
__________________________ test_cepespdata[2014-3-6] __________________________

ano = 2014, cargo = 3, agregacao_regional = 6

    @pytest.mark.parametrize('ano, cargo, agregacao_regional',
                             [(a,b,c) for a in range(2006,2022,4) for b in [1,3,5,6] for c in [6]])
    
    def test_cepespdata(ano, cargo, agregacao_regional):
        inst = teste_cepespdata(ano, cargo, agregacao_regional = agregacao_regional, test = False)
        inst.call_teste_geral()
    
        #o assert Ú usado para fazer o teste de fato. Se der false, ele jß coloca no log
        #o log para sempre no primeiro erro
    
        #######################################################
        # 1. N·mero de Eleitos
>       assert inst.qtde_eleitos == inst.qtde_vagas_disponiveis
E       assert 28 == 27
E        +  where 28 = <teste_cepespdata.teste_cepespdata object at 0x000001A50C6DB6A0>.qtde_eleitos
E        +  and   27 = <teste_cepespdata.teste_cepespdata object at 0x000001A50C6DB6A0>.qtde_vagas_disponiveis

test.py:18: AssertionError
---------------------------- Captured stdout call -----------------------------
Ano: 2014
Cargo: 3 
Banco Teste: False

Starting test...
Downloading Eleiþ§es - BETA...
Downloading Candidatos...
__________________________ test_cepespdata[2014-6-6] __________________________

ano = 2014, cargo = 6, agregacao_regional = 6

    @pytest.mark.parametrize('ano, cargo, agregacao_regional',
                             [(a,b,c) for a in range(2006,2022,4) for b in [1,3,5,6] for c in [6]])
    
    def test_cepespdata(ano, cargo, agregacao_regional):
        inst = teste_cepespdata(ano, cargo, agregacao_regional = agregacao_regional, test = False)
>       inst.call_teste_geral()

test.py:11: 
_ _ _ _ _ _ _ _ _ _ _ _ _ _ _ _ _ _ _ _ _ _ _ _ _ _ _ _ _ _ _ _ _ _ _ _ _ _ _ _
teste_cepespdata.py:224: in call_teste_geral
    self.download_eleicoes()
teste_cepespdata.py:68: in download_eleicoes
    'cpf_candidato': str})
C:\ProgramData\Anaconda3\lib\site-packages\pandas\io\parsers.py:678: in parser_f
    return _read(filepath_or_buffer, kwds)
C:\ProgramData\Anaconda3\lib\site-packages\pandas\io\parsers.py:424: in _read
    filepath_or_buffer, encoding, compression)
C:\ProgramData\Anaconda3\lib\site-packages\pandas\io\common.py:195: in get_filepath_or_buffer
    req = _urlopen(filepath_or_buffer)
C:\ProgramData\Anaconda3\lib\urllib\request.py:222: in urlopen
    return opener.open(url, data, timeout)
C:\ProgramData\Anaconda3\lib\urllib\request.py:531: in open
    response = meth(req, response)
C:\ProgramData\Anaconda3\lib\urllib\request.py:641: in http_response
    'http', request, response, code, msg, hdrs)
C:\ProgramData\Anaconda3\lib\urllib\request.py:569: in error
    return self._call_chain(*args)
C:\ProgramData\Anaconda3\lib\urllib\request.py:503: in _call_chain
    result = func(*args)
_ _ _ _ _ _ _ _ _ _ _ _ _ _ _ _ _ _ _ _ _ _ _ _ _ _ _ _ _ _ _ _ _ _ _ _ _ _ _ _

self = <urllib.request.HTTPDefaultErrorHandler object at 0x000001A50962C5F8>
req = <urllib.request.Request object at 0x000001A50C672D30>
fp = <http.client.HTTPResponse object at 0x000001A50C672828>, code = 504
msg = 'GATEWAY_TIMEOUT'
hdrs = <http.client.HTTPMessage object at 0x000001A50C672198>

    def http_error_default(self, req, fp, code, msg, hdrs):
>       raise HTTPError(req.full_url, code, msg, hdrs, fp)
E       urllib.error.HTTPError: HTTP Error 504: GATEWAY_TIMEOUT

C:\ProgramData\Anaconda3\lib\urllib\request.py:649: HTTPError
---------------------------- Captured stdout call -----------------------------
Ano: 2014
Cargo: 6 
Banco Teste: False

Starting test...
Downloading Eleiþ§es - BETA...
__________________________ test_cepespdata[2018-1-6] __________________________

ano = 2018, cargo = 1, agregacao_regional = 6

    @pytest.mark.parametrize('ano, cargo, agregacao_regional',
                             [(a,b,c) for a in range(2006,2022,4) for b in [1,3,5,6] for c in [6]])
    
    def test_cepespdata(ano, cargo, agregacao_regional):
        inst = teste_cepespdata(ano, cargo, agregacao_regional = agregacao_regional, test = False)
        inst.call_teste_geral()
    
        #o assert Ú usado para fazer o teste de fato. Se der false, ele jß coloca no log
        #o log para sempre no primeiro erro
    
        #######################################################
        # 1. N·mero de Eleitos
        assert inst.qtde_eleitos == inst.qtde_vagas_disponiveis
    
        #######################################################
        # 2. Quantidade de UF
        # Fonte: Detalhe seþÒo do TSE
    
        if agregacao_regional >= 2:
            assert inst.qtde_ufs == inst.qtde_ufs_esperada
    
        #######################################################
        # 3. Quantidade total de votos frente ao comparecimento com 1% de tolerÔncia
        # Fonte: Detalhe seþÒo do TSE
        assert math.isclose(inst.qtde_votos_total_1turno, inst.qtde_comparecimento_1turno, rel_tol=0.01)
        assert math.isclose(inst.qtde_votos_total_2turno, inst.qtde_comparecimento_2turno, rel_tol=0.01)
    
        #######################################################
        # 4. Quantidade de municÝpios
        # Fonte: Detalhe seþÒo do TSE
        if agregacao_regional >= 6:
>           assert inst.qtde_cidades_tse  == inst.qtde_cidades_esperadas
E           assert 5693 == 5708
E            +  where 5693 = <teste_cepespdata.teste_cepespdata object at 0x000001A50DEB6B38>.qtde_cidades_tse
E            +  and   5708 = <teste_cepespdata.teste_cepespdata object at 0x000001A50DEB6B38>.qtde_cidades_esperadas

test.py:37: AssertionError
---------------------------- Captured stdout call -----------------------------
Ano: 2018
Cargo: 1 
Banco Teste: False

Starting test...
Downloading Eleiþ§es - BETA...
Downloading Candidatos...
============== 8 failed, 8 passed, 3 warnings in 848.98 seconds ===============
